[debug] [2026-04-27T19:14:39.777Z] ----------------------------------------------------------------------
[debug] [2026-04-27T19:14:39.779Z] Command:       C:\Program Files\nodejs\node.exe C:\Users\june1_8e4\AppData\Roaming\npm\node_modules\firebase-tools\lib\bin\firebase.js init functions
[debug] [2026-04-27T19:14:39.779Z] CLI Version:   15.15.0
[debug] [2026-04-27T19:14:39.779Z] Platform:      win32
[debug] [2026-04-27T19:14:39.779Z] Node Version:  v22.20.0
[debug] [2026-04-27T19:14:39.779Z] Time:          Tue Apr 28 2026 04:14:39 GMT+0900 (대한민국 표준시)
[debug] [2026-04-27T19:14:39.779Z] ----------------------------------------------------------------------
[debug] 
[info] 
     ######## #### ########  ######## ########     ###     ######  ########
     ##        ##  ##     ## ##       ##     ##  ##   ##  ##       ##
     ######    ##  ########  ######   ########  #########  ######  ######
     ##        ##  ##    ##  ##       ##     ## ##     ##       ## ##
     ##       #### ##     ## ######## ########  ##     ##  ######  ########

You're about to initialize a Firebase project in this directory:

  C:\Users\june1_8e4\dev\41_rank-calculator

Before we get started, keep in mind:

  * You are initializing within an existing Firebase project directory

[info] 
=== Project Setup
[info] 
[info] First, let's associate this project directory with a Firebase project.
[info] You can create multiple project aliases by running firebase use --add, 
[info] 
[debug] [2026-04-27T19:14:43.834Z] > command requires scopes: ["email","openid","https://www.googleapis.com/auth/cloudplatformprojects.readonly","https://www.googleapis.com/auth/firebase","https://www.googleapis.com/auth/cloud-platform"]
[debug] [2026-04-27T19:14:43.834Z] > authorizing via signed-in user (june12300039@gmail.com)
[debug] [2026-04-27T19:14:43.835Z] Checked if tokens are valid: true, expires at: 1777319737764
[debug] [2026-04-27T19:14:43.835Z] Checked if tokens are valid: true, expires at: 1777319737764
[debug] [2026-04-27T19:14:43.836Z] >>> [apiv2][query] GET https://firebase.googleapis.com/v1beta1/projects/gpa-calc-75d24 [none]
[debug] [2026-04-27T19:14:44.284Z] <<< [apiv2][status] GET https://firebase.googleapis.com/v1beta1/projects/gpa-calc-75d24 200
[debug] [2026-04-27T19:14:44.284Z] <<< [apiv2][body] GET https://firebase.googleapis.com/v1beta1/projects/gpa-calc-75d24 {"projectId":"gpa-calc-75d24","projectNumber":"477701882892","displayName":"gpa-calc","name":"projects/gpa-calc-75d24","resources":{"hostingSite":"gpa-calc-75d24"},"state":"ACTIVE","etag":"1_f9bcda5b-c279-41be-9cb7-d75ad6520f8a"}
[info] i  Using project gpa-calc-75d24 (gpa-calc) . 
[info] 
=== Functions Setup
[debug] [2026-04-27T19:14:44.291Z] > command requires scopes: ["email","openid","https://www.googleapis.com/auth/cloudplatformprojects.readonly","https://www.googleapis.com/auth/firebase","https://www.googleapis.com/auth/cloud-platform"]
[debug] [2026-04-27T19:14:44.292Z] > authorizing via signed-in user (june12300039@gmail.com)
[debug] [2026-04-27T19:14:44.292Z] [iam] checking project gpa-calc-75d24 for permissions ["firebase.projects.get"]
[debug] [2026-04-27T19:14:44.292Z] Checked if tokens are valid: true, expires at: 1777319737764
[debug] [2026-04-27T19:14:44.292Z] Checked if tokens are valid: true, expires at: 1777319737764
[debug] [2026-04-27T19:14:44.292Z] >>> [apiv2][query] POST https://cloudresourcemanager.googleapis.com/v1/projects/gpa-calc-75d24:testIamPermissions [none]
[debug] [2026-04-27T19:14:44.292Z] >>> [apiv2][(partial)header] POST https://cloudresourcemanager.googleapis.com/v1/projects/gpa-calc-75d24:testIamPermissions  x-goog-user-project=gpa-calc-75d24
[debug] [2026-04-27T19:14:44.292Z] >>> [apiv2][body] POST https://cloudresourcemanager.googleapis.com/v1/projects/gpa-calc-75d24:testIamPermissions {"permissions":["firebase.projects.get"]}
[debug] [2026-04-27T19:14:44.569Z] <<< [apiv2][status] POST https://cloudresourcemanager.googleapis.com/v1/projects/gpa-calc-75d24:testIamPermissions 200
[debug] [2026-04-27T19:14:44.569Z] <<< [apiv2][body] POST https://cloudresourcemanager.googleapis.com/v1/projects/gpa-calc-75d24:testIamPermissions {"permissions":["firebase.projects.get"]}
[debug] [2026-04-27T19:14:44.570Z] Checked if tokens are valid: true, expires at: 1777319737764
[debug] [2026-04-27T19:14:44.570Z] Checked if tokens are valid: true, expires at: 1777319737764
[debug] [2026-04-27T19:14:44.570Z] Checked if tokens are valid: true, expires at: 1777319737764
[debug] [2026-04-27T19:14:44.570Z] Checked if tokens are valid: true, expires at: 1777319737764
[debug] [2026-04-27T19:14:44.570Z] >>> [apiv2][query] GET https://serviceusage.googleapis.com/v1/projects/gpa-calc-75d24/services/cloudfunctions.googleapis.com [none]
[debug] [2026-04-27T19:14:44.570Z] >>> [apiv2][(partial)header] GET https://serviceusage.googleapis.com/v1/projects/gpa-calc-75d24/services/cloudfunctions.googleapis.com  x-goog-user-project=gpa-calc-75d24
[debug] [2026-04-27T19:14:44.571Z] >>> [apiv2][query] GET https://serviceusage.googleapis.com/v1/projects/gpa-calc-75d24/services/runtimeconfig.googleapis.com [none]
[debug] [2026-04-27T19:14:44.571Z] >>> [apiv2][(partial)header] GET https://serviceusage.googleapis.com/v1/projects/gpa-calc-75d24/services/runtimeconfig.googleapis.com  x-goog-user-project=gpa-calc-75d24
[debug] [2026-04-27T19:14:46.389Z] <<< [apiv2][status] GET https://serviceusage.googleapis.com/v1/projects/gpa-calc-75d24/services/runtimeconfig.googleapis.com 200
[debug] [2026-04-27T19:14:46.389Z] <<< [apiv2][body] GET https://serviceusage.googleapis.com/v1/projects/gpa-calc-75d24/services/runtimeconfig.googleapis.com [omitted]
[debug] [2026-04-27T19:14:46.399Z] <<< [apiv2][status] GET https://serviceusage.googleapis.com/v1/projects/gpa-calc-75d24/services/cloudfunctions.googleapis.com 200
[debug] [2026-04-27T19:14:46.400Z] <<< [apiv2][body] GET https://serviceusage.googleapis.com/v1/projects/gpa-calc-75d24/services/cloudfunctions.googleapis.com [omitted]
[debug] [2026-04-27T19:14:46.400Z] Checked if tokens are valid: true, expires at: 1777319737764
[debug] [2026-04-27T19:14:46.400Z] Checked if tokens are valid: true, expires at: 1777319737764
[debug] [2026-04-27T19:14:46.400Z] >>> [apiv2][query] POST https://serviceusage.googleapis.com/v1/projects/gpa-calc-75d24/services/cloudfunctions.googleapis.com:enable [none]
[debug] [2026-04-27T19:14:46.400Z] >>> [apiv2][(partial)header] POST https://serviceusage.googleapis.com/v1/projects/gpa-calc-75d24/services/cloudfunctions.googleapis.com:enable  x-goog-user-project=gpa-calc-75d24
[debug] [2026-04-27T19:14:48.264Z] <<< [apiv2][status] POST https://serviceusage.googleapis.com/v1/projects/gpa-calc-75d24/services/cloudfunctions.googleapis.com:enable 200
[debug] [2026-04-27T19:14:48.264Z] <<< [apiv2][body] POST https://serviceusage.googleapis.com/v1/projects/gpa-calc-75d24/services/cloudfunctions.googleapis.com:enable [omitted]
[info] Let's create a new codebase for your functions.
[info] A directory corresponding to the codebase will be created in your project
[info] with sample code pre-configured.

[info] See https://firebase.google.com/docs/functions/organize-functions for
[info] more information on organizing your functions using codebases.

[info] Functions can be deployed with firebase deploy.

[info] +  Wrote functions/.eslintrc.js 
[info] +  Wrote functions/package.json 
[info] +  Wrote functions/index.js 
[info] +  Wrote functions/.gitignore 
[info] 
=== Agent Skills Setup
[info] If you are using an AI coding agent, Firebase Agent Skills make it an expert at Firebase.
